============================= test session starts =============================
platform win32 -- Python 3.14.0, pytest-9.0.2, pluggy-1.6.0
rootdir: D:\Antigravity\polymerase-tm\polymerase-tm
configfile: pyproject.toml
plugins: zarr-3.1.5
collected 3 items

tests\test_primer3_integration.py ...                                    [100%]

============================== 3 passed in 1.07s ==============================
