============================= test session starts =============================
platform win32 -- Python 3.10.19, pytest-9.0.2, pluggy-1.6.0
rootdir: d:\Antigravity\PrimerPr├╝fen\polymerase-tm
configfile: pyproject.toml
plugins: anyio-4.12.1
collected 44 items / 1 error

=================================== ERRORS ====================================
________________ ERROR collecting tests/test_migration_math.py ________________
ImportError while importing test module 'd:\Antigravity\PrimerPr├╝fen\polymerase-tm\tests\test_migration_math.py'.
Hint: make sure your test modules/packages have valid Python names.
Traceback:
C:\Users\rouve\miniforge3\envs\bioinformatics\lib\importlib\__init__.py:126: in import_module
    return _bootstrap._gcd_import(name[level:], package, level)
polymerase-tm\tests\test_migration_math.py:7: in <module>
    from polymerase_tm.gel import _get_migration_distance_cm, LADDERS
E   ModuleNotFoundError: No module named 'polymerase_tm.gel'
=========================== short test summary info ===========================
ERROR polymerase-tm\tests\test_migration_math.py
!!!!!!!!!!!!!!!!!!! Interrupted: 1 error during collection !!!!!!!!!!!!!!!!!!!!
============================== 1 error in 0.28s ===============================
